// Jest Snapshot v1, https://goo.gl/fbAQLP

exports[`<Button /> Should Button 1`] = `
.c0.c0 {
  border-radius: 100px;
}

<button
  className="MuiButtonBase-root-17 MuiButton-root-1 MuiButton-raised-7 MuiButton-raisedPrimary-8 c0"
  disabled={false}
  onBlur={[Function]}
  onFocus={[Function]}
  onKeyDown={[Function]}
  onKeyUp={[Function]}
  onMouseDown={[Function]}
  onMouseLeave={[Function]}
  onMouseUp={[Function]}
  onTouchEnd={[Function]}
  onTouchMove={[Function]}
  onTouchStart={[Function]}
  tabIndex="0"
  type="button"
>
  <span
    className="MuiButton-label-2"
  >
    Lorem ipsum
  </span>
  <span
    className="MuiTouchRipple-root-20"
  />
</button>
`;
