// Jest Snapshot v1, https://goo.gl/fbAQLP

exports[`<Footer /> Should render Footer 1`] = `
ShallowWrapper {
  "length": 1,
  Symbol(enzyme.__root__): [Circular],
  Symbol(enzyme.__unrendered__): <Footer>
    Lorem Ipsum
</Footer>,
  Symbol(enzyme.__renderer__): Object {
    "batchedUpdates": [Function],
    "getNode": [Function],
    "render": [Function],
    "simulateEvent": [Function],
    "unmount": [Function],
  },
  Symbol(enzyme.__node__): Object {
    "instance": null,
    "key": undefined,
    "nodeType": "class",
    "props": Object {
      "children": <WithStyles(Typography)
        align="center"
        color="inherit"
        variant="caption"
>
        Lorem Ipsum
</WithStyles(Typography)>,
    },
    "ref": null,
    "rendered": Object {
      "instance": null,
      "key": undefined,
      "nodeType": "class",
      "props": Object {
        "align": "center",
        "children": "Lorem Ipsum",
        "color": "inherit",
        "variant": "caption",
      },
      "ref": null,
      "rendered": "Lorem Ipsum",
      "type": [Function],
    },
    "type": [Function],
  },
  Symbol(enzyme.__nodes__): Array [
    Object {
      "instance": null,
      "key": undefined,
      "nodeType": "class",
      "props": Object {
        "children": <WithStyles(Typography)
          align="center"
          color="inherit"
          variant="caption"
>
          Lorem Ipsum
</WithStyles(Typography)>,
      },
      "ref": null,
      "rendered": Object {
        "instance": null,
        "key": undefined,
        "nodeType": "class",
        "props": Object {
          "align": "center",
          "children": "Lorem Ipsum",
          "color": "inherit",
          "variant": "caption",
        },
        "ref": null,
        "rendered": "Lorem Ipsum",
        "type": [Function],
      },
      "type": [Function],
    },
  ],
  Symbol(enzyme.__options__): Object {
    "adapter": ReactSixteenAdapter {
      "options": Object {
        "enableComponentDidUpdateOnSetState": true,
      },
    },
    "context": Object {
      "__styled-components__": [Function],
      "__styled-components__next__": Object {
        "getTheme": [Function],
        "subscribe": [Function],
        "unsubscribe": [Function],
      },
    },
  },
}
`;
